
> frontend@0.0.0 test
> vitest run


[7m[1m[36m RUN [39m[22m[27m [36mv2.1.0[39m [90mC:/wamp64/www/antigravity/simplified_trello_demo/frontend[39m

npm : [90mstderr[2m | src/__tests__/KanbanBoard.test.tsx[2m > [22m[2mKanbanBoard[2m > [22m[2mrenders loading 
state initially[22m[39m
At line:1 char:1
+ npm run test > test_output.txt 2>&1
+ ~~~~~~~~~~~~~~~~~~~~~~~~~~~~~~~~~~~
    + CategoryInfo          : NotSpecified: ([90mstderr[2m...ially[22m[39m:String) [], RemoteException
    + FullyQualifiedErrorId : NativeCommandError
 
Error: Uncaught [TypeError: __vite_ssr_import_2__.echo.leaveChannel is not a function]
    at reportException (C:\wamp64\www\antigravity\simplified_trello_demo\frontend\node_modules\jsdom\lib\jsdom\living\h
elpers\runtime-script-errors.js:66:24)
    at innerInvokeEventListeners (C:\wamp64\www\antigravity\simplified_trello_demo\frontend\node_modules\jsdom\lib\jsdo
m\living\events\EventTarget-impl.js:353:9)
    at invokeEventListeners (C:\wamp64\www\antigravity\simplified_trello_demo\frontend\node_modules\jsdom\lib\jsdom\liv
ing\events\EventTarget-impl.js:286:3)
    at HTMLUnknownElementImpl._dispatch (C:\wamp64\www\antigravity\simplified_trello_demo\frontend\node_modules\jsdom\l
ib\jsdom\living\events\EventTarget-impl.js:233:9)
    at HTMLUnknownElementImpl.dispatchEvent (C:\wamp64\www\antigravity\simplified_trello_demo\frontend\node_modules\jsd
om\lib\jsdom\living\events\EventTarget-impl.js:104:17)
    at HTMLUnknownElement.dispatchEvent (C:\wamp64\www\antigravity\simplified_trello_demo\frontend\node_modules\jsdom\l
ib\jsdom\living\generated\EventTarget.js:241:34)
    at Object.invokeGuardedCallbackDev 
(C:\wamp64\www\antigravity\simplified_trello_demo\frontend\node_modules\react-dom\cjs\react-dom.development.js:4213:16)
    at invokeGuardedCallback 
(C:\wamp64\www\antigravity\simplified_trello_demo\frontend\node_modules\react-dom\cjs\react-dom.development.js:4277:31)
    at reportUncaughtErrorInDEV 
(C:\wamp64\www\antigravity\simplified_trello_demo\frontend\node_modules\react-dom\cjs\react-dom.development.js:22877:5)
    at captureCommitPhaseError (C:\wamp64\www\antigravity\simplified_trello_demo\frontend\node_modules\react-dom\cjs\re
act-dom.development.js:27165:5) TypeError: __vite_ssr_import_2__.echo.leaveChannel is not a function
    at [90mC:\wamp64\www\antigravity\simplified_trello_demo\frontend\[39msrc\hooks\useProjectChannel.ts:60:12
    at safelyCallDestroy [90m(C:\wamp64\www\antigravity\simplified_trello_demo\frontend\[39mnode_modules\[4mreact-do
m[24m\cjs\react-dom.development.js:22971:5[90m)[39m
    at commitHookEffectListUnmount [90m(C:\wamp64\www\antigravity\simplified_trello_demo\frontend\[39mnode_modules\[
4mreact-dom[24m\cjs\react-dom.development.js:23139:11[90m)[39m
    at commitPassiveUnmountInsideDeletedTreeOnFiber [90m(C:\wamp64\www\antigravity\simplified_trello_demo\frontend\[3
9mnode_modules\[4mreact-dom[24m\cjs\react-dom.development.js:25140:11[90m)[39m
    at commitPassiveUnmountEffectsInsideOfDeletedTree_begin [90m(C:\wamp64\www\antigravity\simplified_trello_demo\fron
tend\[39mnode_modules\[4mreact-dom[24m\cjs\react-dom.development.js:25087:5[90m)[39m
    at commitPassiveUnmountEffects_begin [90m(C:\wamp64\www\antigravity\simplified_trello_demo\frontend\[39mnode_modu
les\[4mreact-dom[24m\cjs\react-dom.development.js:24995:11[90m)[39m
    at commitPassiveUnmountEffects [90m(C:\wamp64\www\antigravity\simplified_trello_demo\frontend\[39mnode_modules\[
4mreact-dom[24m\cjs\react-dom.development.js:24980:3[90m)[39m
    at flushPassiveEffectsImpl [90m(C:\wamp64\www\antigravity\simplified_trello_demo\frontend\[39mnode_modules\[4mre
act-dom[24m\cjs\react-dom.development.js:27077:3[90m)[39m
    at flushPassiveEffects [90m(C:\wamp64\www\antigravity\simplified_trello_demo\frontend\[39mnode_modules\[4mreact-
dom[24m\cjs\react-dom.development.js:27023:14[90m)[39m
    at commitRootImpl [90m(C:\wamp64\www\antigravity\simplified_trello_demo\frontend\[39mnode_modules\[4mreact-dom[
24m\cjs\react-dom.development.js:26974:5[90m)[39m
The above error occurred in the <KanbanBoard> component:

    at KanbanBoard 
(C:\wamp64\www\antigravity\simplified_trello_demo\frontend\src\components\kanban\KanbanBoard.tsx:32:24)
    at QueryClientProvider (file:///C:/wamp64/www/antigravity/simplified_trello_demo/frontend/node_modules/@tanstack/re
act-query/build/modern/QueryClientProvider.js:19:3)
    at Router (C:\wamp64\www\antigravity\simplified_trello_demo\frontend\node_modules\react-router\dist\umd\react-route
r.development.js:1174:17)
    at BrowserRouter (C:\wamp64\www\antigravity\simplified_trello_demo\frontend\node_modules\react-router-dom\dist\umd\
react-router-dom.development.js:694:7)

Consider adding an error boundary to your tree to customize error handling behavior.
Visit https://reactjs.org/link/error-boundaries to learn more about error boundaries.

 [31mΓ¥»[39m src/__tests__/KanbanBoard.test.tsx [2m ([22m[2m1 test[22m [2m|[22m [31m1 failed[39m[2m)[22m[90m 109[2mms[22m[39m
[31m   [31m├ù[31m KanbanBoard[2m > [22mrenders loading state initially[39m
[31m     ΓåÆ echo.leaveChannel is not a function[39m
[90mstderr[2m | VirtualConsole.<anonymous> (C:\wamp64\www\antigravity\simplified_trello_demo\frontend\node_modules\js
dom\lib\jsdom\virtual-console.js:29:45)[22m[39m
Error: Error: connect ECONNREFUSED ::1:3000
    at Object.dispatchError 
(C:\wamp64\www\antigravity\simplified_trello_demo\frontend\node_modules\jsdom\lib\jsdom\living\xhr\xhr-utils.js:63:19)
    at Request.<anonymous> (C:\wamp64\www\antigravity\simplified_trello_demo\frontend\node_modules\jsdom\lib\jsdom\livi
ng\xhr\XMLHttpRequest-impl.js:655:18)
    at Request.emit (node:events:525:35)
    at ClientRequest.<anonymous> (C:\wamp64\www\antigravity\simplified_trello_demo\frontend\node_modules\jsdom\lib\jsdo
m\living\helpers\http-request.js:127:14)
    at ClientRequest.emit (node:events:513:28)
    at Socket.socketErrorListener (node:_http_client:502:9)
    at Socket.emit (node:events:513:28)
    at emitErrorNT (node:internal/streams/destroy:151:8)
    at emitErrorCloseNT (node:internal/streams/destroy:116:3)
    at processTicksAndRejections (node:internal/process/task_queues:82:21) [90mundefined[39m


[31mΓÄ»ΓÄ»ΓÄ»ΓÄ»ΓÄ»ΓÄ»ΓÄ»[1m[7m Failed Tests 1 [27m[22mΓÄ»ΓÄ»ΓÄ»ΓÄ»ΓÄ»ΓÄ»ΓÄ»[39m

[31m[1m[7m FAIL [27m[22m[39m src/__tests__/KanbanBoard.test.tsx[2m > [22mKanbanBoard[2m > [22mrenders 
loading state initially
[31m[1mTypeError[22m: echo.leaveChannel is not a function[39m
[36m [2mΓ¥»[22m src/hooks/useProjectChannel.ts:[2m60:12[22m[39m
    [90m 58| [39m
    [90m 59| [39m    [35mreturn[39m () [33m=>[39m {
    [90m 60| [39m      
echo[33m.[39m[34mleaveChannel[39m([32m`project.[39m[36m${[39mprojectId[36m}[39m[32m`[39m)
    [90m   | [39m           [31m^[39m
    [90m 61| [39m    }
    [90m 62| [39m  }[33m,[39m [projectId[33m,[39m qc])
[90m [2mΓ¥»[22m safelyCallDestroy node_modules/react-dom/cjs/react-dom.development.js:[2m22971:5[22m[39m
[90m [2mΓ¥»[22m commitHookEffectListUnmount 
node_modules/react-dom/cjs/react-dom.development.js:[2m23139:11[22m[39m
[90m [2mΓ¥»[22m commitPassiveUnmountInsideDeletedTreeOnFiber 
node_modules/react-dom/cjs/react-dom.development.js:[2m25140:11[22m[39m
[90m [2mΓ¥»[22m commitPassiveUnmountEffectsInsideOfDeletedTree_begin 
node_modules/react-dom/cjs/react-dom.development.js:[2m25087:5[22m[39m
[90m [2mΓ¥»[22m commitPassiveUnmountEffects_begin 
node_modules/react-dom/cjs/react-dom.development.js:[2m24995:11[22m[39m
[90m [2mΓ¥»[22m commitPassiveUnmountEffects 
node_modules/react-dom/cjs/react-dom.development.js:[2m24980:3[22m[39m
[90m [2mΓ¥»[22m flushPassiveEffectsImpl node_modules/react-dom/cjs/react-dom.development.js:[2m27077:3[22m[39m
[90m [2mΓ¥»[22m flushPassiveEffects node_modules/react-dom/cjs/react-dom.development.js:[2m27023:14[22m[39m
[90m [2mΓ¥»[22m commitRootImpl node_modules/react-dom/cjs/react-dom.development.js:[2m26974:5[22m[39m

[31m[2mΓÄ»ΓÄ»ΓÄ»ΓÄ»ΓÄ»ΓÄ»ΓÄ»ΓÄ»ΓÄ»ΓÄ»ΓÄ»ΓÄ»ΓÄ»ΓÄ»ΓÄ»ΓÄ»ΓÄ»ΓÄ»ΓÄ»ΓÄ»ΓÄ»ΓÄ»ΓÄ»ΓÄ»[1/1]ΓÄ»[22m[39m

[2m Test Files [22m [1m[31m1 failed[39m[22m[90m (1)[39m
[2m      Tests [22m [1m[31m1 failed[39m[22m[90m (1)[39m
[2m   Start at [22m 17:23:41
[2m   Duration [22m 2.86s[2m (transform 471ms, setup 486ms, collect 895ms, tests 109ms, environment 792ms, prepare 193ms)[22m

